/Users/jangr/vibeCoding/PNR_Tracker/start_app.sh: line 15:  7514 Killed: 9               python app.py >> "$LOG_DIR/app.log" 2>&1
/Users/jangr/vibeCoding/PNR_Tracker/start_app.sh: line 15: 13908 Killed: 9               python app.py >> "$LOG_DIR/app.log" 2>&1
/Users/jangr/vibeCoding/PNR_Tracker/start_app.sh: line 15: 14245 Killed: 9               python app.py >> "$LOG_DIR/app.log" 2>&1
/Users/jangr/vibeCoding/PNR_Tracker/start_app.sh: line 15: 14478 Killed: 9               python app.py >> "$LOG_DIR/app.log" 2>&1
/Users/jangr/vibeCoding/PNR_Tracker/start_app.sh: line 15: 31359 Killed: 9               python app.py >> "$LOG_DIR/app.log" 2>&1
/Users/jangr/vibeCoding/PNR_Tracker/start_app.sh: line 15: 31532 Killed: 9               python app.py >> "$LOG_DIR/app.log" 2>&1
/Users/jangr/vibeCoding/PNR_Tracker/start_app.sh: line 15:  1104 Terminated: 15          python app.py >> "$LOG_DIR/app.log" 2>&1
/Users/jangr/vibeCoding/PNR_Tracker/start_app.sh: line 15:  3204 Killed: 9               python app.py >> "$LOG_DIR/app.log" 2>&1
/Users/jangr/vibeCoding/PNR_Tracker/start_app.sh: line 15:  3758 Killed: 9               python app.py >> "$LOG_DIR/app.log" 2>&1
/Users/jangr/vibeCoding/PNR_Tracker/start_app.sh: line 15: 13940 Terminated: 15          python app.py >> "$LOG_DIR/app.log" 2>&1
/Users/jangr/vibeCoding/PNR_Tracker/start_app.sh: line 15: 71045 Terminated: 15          python app.py >> "$LOG_DIR/app.log" 2>&1
/Users/jangr/vibeCoding/PNR_Tracker/start_app.sh: line 15: 87504 Killed: 9               python app.py >> "$LOG_DIR/app.log" 2>&1
/Users/jangr/vibeCoding/PNR_Tracker/start_app.sh: line 15: 88116 Killed: 9               python app.py >> "$LOG_DIR/app.log" 2>&1
/Users/jangr/vibeCoding/PNR_Tracker/start_app.sh: line 15: 88262 Killed: 9               python app.py >> "$LOG_DIR/app.log" 2>&1
/Users/jangr/vibeCoding/PNR_Tracker/start_app.sh: line 15:  2074 Terminated: 15          python app.py >> "$LOG_DIR/app.log" 2>&1
/Users/jangr/vibeCoding/PNR_Tracker/start_app.sh: line 15: 37379 Killed: 9               python app.py >> "$LOG_DIR/app.log" 2>&1
/Users/jangr/vibeCoding/PNR_Tracker/start_app.sh: line 15: 46355 Terminated: 15          python app.py >> "$LOG_DIR/app.log" 2>&1
/Users/jangr/vibeCoding/PNR_Tracker/start_app.sh: line 15: 47033 Terminated: 15          python app.py >> "$LOG_DIR/app.log" 2>&1
/Users/jangr/vibeCoding/PNR_Tracker/start_app.sh: line 15: 47663 Terminated: 15          python app.py >> "$LOG_DIR/app.log" 2>&1
/Users/jangr/vibeCoding/PNR_Tracker/start_app.sh: line 15: 48077 Terminated: 15          python app.py >> "$LOG_DIR/app.log" 2>&1
/Users/jangr/vibeCoding/PNR_Tracker/start_app.sh: line 15: 48334 Killed: 9               python app.py >> "$LOG_DIR/app.log" 2>&1
/Users/jangr/vibeCoding/PNR_Tracker/start_app.sh: line 15: 85109 Killed: 9               python app.py >> "$LOG_DIR/app.log" 2>&1
/Users/jangr/vibeCoding/PNR_Tracker/start_app.sh: line 15: 85634 Killed: 9               python app.py >> "$LOG_DIR/app.log" 2>&1
/Users/jangr/vibeCoding/PNR_Tracker/start_app.sh: line 15: 86045 Killed: 9               python app.py >> "$LOG_DIR/app.log" 2>&1
/Users/jangr/vibeCoding/PNR_Tracker/start_app.sh: line 15:   153 Terminated: 15          python app.py >> "$LOG_DIR/app.log" 2>&1
/Users/jangr/vibeCoding/PNR_Tracker/start_app.sh: line 15:   550 Terminated: 15          python app.py >> "$LOG_DIR/app.log" 2>&1
/Users/jangr/vibeCoding/PNR_Tracker/start_app.sh: line 15:  1103 Terminated: 15          python app.py >> "$LOG_DIR/app.log" 2>&1
/Users/jangr/vibeCoding/PNR_Tracker/start_app.sh: line 15:  1293 Terminated: 15          python app.py >> "$LOG_DIR/app.log" 2>&1
/Users/jangr/vibeCoding/PNR_Tracker/start_app.sh: line 15:  1993 Terminated: 15          python app.py >> "$LOG_DIR/app.log" 2>&1
/Users/jangr/vibeCoding/PNR_Tracker/start_app.sh: line 15:  1378 Terminated: 15          python app.py >> "$LOG_DIR/app.log" 2>&1
/Users/jangr/vibeCoding/PNR_Tracker/start_app.sh: line 15: 85543 Terminated: 15          python app.py >> "$LOG_DIR/app.log" 2>&1
/Users/jangr/vibeCoding/PNR_Tracker/start_app.sh: line 15:  6946 Killed: 9               python app.py >> "$LOG_DIR/app.log" 2>&1
/Users/jangr/vibeCoding/PNR_Tracker/start_app.sh: line 15:  6966 Killed: 9               python app.py >> "$LOG_DIR/app.log" 2>&1
/Users/jangr/vibeCoding/PNR_Tracker/start_app.sh: line 15:  6980 Killed: 9               python app.py >> "$LOG_DIR/app.log" 2>&1
/Users/jangr/vibeCoding/PNR_Tracker/start_app.sh: line 15: 11760 Killed: 9               python app.py >> "$LOG_DIR/app.log" 2>&1
/Users/jangr/vibeCoding/PNR_Tracker/start_app.sh: line 15: 25049 Killed: 9               python app.py >> "$LOG_DIR/app.log" 2>&1
/Users/jangr/vibeCoding/PNR_Tracker/start_app.sh: line 15: 25070 Killed: 9               python app.py >> "$LOG_DIR/app.log" 2>&1
/Users/jangr/vibeCoding/PNR_Tracker/start_app.sh: line 15: 56807 Killed: 9               python app.py >> "$LOG_DIR/app.log" 2>&1
/Users/jangr/vibeCoding/PNR_Tracker/start_app.sh: line 15: 56948 Killed: 9               python app.py >> "$LOG_DIR/app.log" 2>&1
/Users/jangr/vibeCoding/PNR_Tracker/start_app.sh: line 15: 57845 Killed: 9               python app.py >> "$LOG_DIR/app.log" 2>&1
/Users/jangr/vibeCoding/PNR_Tracker/start_app.sh: line 15: 57884 Killed: 9               python app.py >> "$LOG_DIR/app.log" 2>&1
/Users/jangr/vibeCoding/PNR_Tracker/start_app.sh: line 15: 94813 Killed: 9               python app.py >> "$LOG_DIR/app.log" 2>&1
/Users/jangr/vibeCoding/PNR_Tracker/start_app.sh: line 15: 94855 Killed: 9               python app.py >> "$LOG_DIR/app.log" 2>&1
/Users/jangr/vibeCoding/PNR_Tracker/start_app.sh: line 15: 40757 Killed: 9               python app.py >> "$LOG_DIR/app.log" 2>&1
/Users/jangr/vibeCoding/PNR_Tracker/start_app.sh: line 15: 42665 Killed: 9               python app.py >> "$LOG_DIR/app.log" 2>&1
/Users/jangr/vibeCoding/PNR_Tracker/start_app.sh: line 15: 23877 Killed: 9               python app.py >> "$LOG_DIR/app.log" 2>&1
/Users/jangr/vibeCoding/PNR_Tracker/start_app.sh: line 15:   838 Terminated: 15          python app.py >> "$LOG_DIR/app.log" 2>&1
/Users/jangr/vibeCoding/PNR_Tracker/start_app.sh: line 15: 11996 Killed: 9               python app.py >> "$LOG_DIR/app.log" 2>&1
/Users/jangr/vibeCoding/PNR_Tracker/start_app.sh: line 15: 12048 Killed: 9               python app.py >> "$LOG_DIR/app.log" 2>&1
/Users/jangr/vibeCoding/PNR_Tracker/start_app.sh: line 15: 13379 Killed: 9               python app.py >> "$LOG_DIR/app.log" 2>&1
/Users/jangr/vibeCoding/PNR_Tracker/start_app.sh: line 15: 13419 Killed: 9               python app.py >> "$LOG_DIR/app.log" 2>&1
/Users/jangr/vibeCoding/PNR_Tracker/start_app.sh: line 15: 13443 Killed: 9               python app.py >> "$LOG_DIR/app.log" 2>&1
/Users/jangr/vibeCoding/PNR_Tracker/start_app.sh: line 15: 13999 Killed: 9               python app.py >> "$LOG_DIR/app.log" 2>&1
/Users/jangr/vibeCoding/PNR_Tracker/start_app.sh: line 15: 14044 Killed: 9               python app.py >> "$LOG_DIR/app.log" 2>&1
/Users/jangr/vibeCoding/PNR_Tracker/start_app.sh: line 15: 14243 Killed: 9               python app.py >> "$LOG_DIR/app.log" 2>&1
/Users/jangr/vibeCoding/PNR_Tracker/start_app.sh: line 15: 17927 Killed: 9               python app.py >> "$LOG_DIR/app.log" 2>&1
/Users/jangr/vibeCoding/PNR_Tracker/start_app.sh: line 15: 17983 Killed: 9               python app.py >> "$LOG_DIR/app.log" 2>&1
/Users/jangr/vibeCoding/PNR_Tracker/start_app.sh: line 15: 18092 Killed: 9               python app.py >> "$LOG_DIR/app.log" 2>&1
/Users/jangr/vibeCoding/PNR_Tracker/start_app.sh: line 15: 18157 Killed: 9               python app.py >> "$LOG_DIR/app.log" 2>&1
/Users/jangr/vibeCoding/PNR_Tracker/start_app.sh: line 15: 18243 Killed: 9               python app.py >> "$LOG_DIR/app.log" 2>&1
/Users/jangr/vibeCoding/PNR_Tracker/start_app.sh: line 15: 18451 Killed: 9               python app.py >> "$LOG_DIR/app.log" 2>&1
/Users/jangr/vibeCoding/PNR_Tracker/start_app.sh: line 15: 18651 Killed: 9               python app.py >> "$LOG_DIR/app.log" 2>&1
/Users/jangr/vibeCoding/PNR_Tracker/start_app.sh: line 15: 18778 Killed: 9               python app.py >> "$LOG_DIR/app.log" 2>&1
/Users/jangr/vibeCoding/PNR_Tracker/start_app.sh: line 15:  1818 Terminated: 15          python app.py >> "$LOG_DIR/app.log" 2>&1
/Users/jangr/vibeCoding/PNR_Tracker/start_app.sh: line 15: 16338 Terminated: 15          python app.py >> "$LOG_DIR/app.log" 2>&1
/Users/jangr/vibeCoding/PNR_Tracker/start_app.sh: line 15: 29856 Killed: 9               python app.py >> "$LOG_DIR/app.log" 2>&1
/Users/jangr/vibeCoding/PNR_Tracker/start_app.sh: line 15: 29878 Killed: 9               python app.py >> "$LOG_DIR/app.log" 2>&1
/Users/jangr/vibeCoding/PNR_Tracker/start_app.sh: line 15: 29920 Killed: 9               python app.py >> "$LOG_DIR/app.log" 2>&1
/Users/jangr/vibeCoding/PNR_Tracker/start_app.sh: line 15: 29963 Killed: 9               python app.py >> "$LOG_DIR/app.log" 2>&1
/Users/jangr/vibeCoding/PNR_Tracker/start_app.sh: line 15: 31976 Killed: 9               python app.py >> "$LOG_DIR/app.log" 2>&1
/Users/jangr/vibeCoding/PNR_Tracker/start_app.sh: line 15: 32223 Killed: 9               python app.py >> "$LOG_DIR/app.log" 2>&1
/Users/jangr/vibeCoding/PNR_Tracker/start_app.sh: line 15: 32488 Killed: 9               python app.py >> "$LOG_DIR/app.log" 2>&1
/Users/jangr/vibeCoding/PNR_Tracker/start_app.sh: line 15: 34154 Killed: 9               python app.py >> "$LOG_DIR/app.log" 2>&1
/Users/jangr/vibeCoding/PNR_Tracker/start_app.sh: line 15: 34543 Killed: 9               python app.py >> "$LOG_DIR/app.log" 2>&1
/Users/jangr/vibeCoding/PNR_Tracker/start_app.sh: line 15: 20256 Killed: 9               python app.py >> "$LOG_DIR/app.log" 2>&1
/Users/jangr/vibeCoding/PNR_Tracker/start_app.sh: line 15: 38388 Killed: 9               python app.py >> "$LOG_DIR/app.log" 2>&1
/Users/jangr/vibeCoding/PNR_Tracker/start_app.sh: line 15: 39298 Killed: 9               python app.py >> "$LOG_DIR/app.log" 2>&1
/Users/jangr/vibeCoding/PNR_Tracker/start_app.sh: line 15: 43315 Killed: 9               python app.py >> "$LOG_DIR/app.log" 2>&1
/Users/jangr/vibeCoding/PNR_Tracker/start_app.sh: line 15: 44876 Killed: 9               python app.py >> "$LOG_DIR/app.log" 2>&1
/Users/jangr/vibeCoding/PNR_Tracker/start_app.sh: line 15: 62806 Killed: 9               python app.py >> "$LOG_DIR/app.log" 2>&1
/Users/jangr/vibeCoding/PNR_Tracker/start_app.sh: line 15: 79149 Killed: 9               python app.py >> "$LOG_DIR/app.log" 2>&1
/Users/jangr/vibeCoding/PNR_Tracker/start_app.sh: line 15: 79287 Killed: 9               python app.py >> "$LOG_DIR/app.log" 2>&1
/Users/jangr/vibeCoding/PNR_Tracker/start_app.sh: line 15:   898 Killed: 9               python app.py >> "$LOG_DIR/app.log" 2>&1
/Users/jangr/vibeCoding/PNR_Tracker/start_app.sh: line 15:  4285 Killed: 9               python app.py >> "$LOG_DIR/app.log" 2>&1
/Users/jangr/vibeCoding/PNR_Tracker/start_app.sh: line 15:  4361 Killed: 9               python app.py >> "$LOG_DIR/app.log" 2>&1
/Users/jangr/vibeCoding/PNR_Tracker/start_app.sh: line 15:  4560 Killed: 9               python app.py >> "$LOG_DIR/app.log" 2>&1
/Users/jangr/vibeCoding/PNR_Tracker/start_app.sh: line 15: 66059 Killed: 9               python app.py >> "$LOG_DIR/app.log" 2>&1
/Users/jangr/vibeCoding/PNR_Tracker/start_app.sh: line 15: 66084 Terminated: 15          python app.py >> "$LOG_DIR/app.log" 2>&1
/Users/jangr/vibeCoding/PNR_Tracker/start_app.sh: line 15:  1196 Terminated: 15          python app.py >> "$LOG_DIR/app.log" 2>&1
/Users/jangr/vibeCoding/PNR_Tracker/start_app.sh: line 15:  6795 Terminated: 15          python app.py >> "$LOG_DIR/app.log" 2>&1
/Users/jangr/vibeCoding/PNR_Tracker/start_app.sh: line 15:  6979 Terminated: 15          python app.py >> "$LOG_DIR/app.log" 2>&1
/Users/jangr/vibeCoding/PNR_Tracker/start_app.sh: line 15: 12803 Killed: 9               python app.py >> "$LOG_DIR/app.log" 2>&1
/Users/jangr/vibeCoding/PNR_Tracker/start_app.sh: line 15: 12972 Killed: 9               python app.py >> "$LOG_DIR/app.log" 2>&1
/Users/jangr/vibeCoding/PNR_Tracker/start_app.sh: line 15: 13222 Killed: 9               python app.py >> "$LOG_DIR/app.log" 2>&1
/Users/jangr/vibeCoding/PNR_Tracker/start_app.sh: line 15: 14077 Killed: 9               python app.py >> "$LOG_DIR/app.log" 2>&1
/Users/jangr/vibeCoding/PNR_Tracker/start_app.sh: line 15: 15374 Killed: 9               python app.py >> "$LOG_DIR/app.log" 2>&1
/Users/jangr/vibeCoding/PNR_Tracker/start_app.sh: line 15: 17544 Killed: 9               python app.py >> "$LOG_DIR/app.log" 2>&1
/Users/jangr/vibeCoding/PNR_Tracker/start_app.sh: line 15: 17825 Killed: 9               python app.py >> "$LOG_DIR/app.log" 2>&1
/Users/jangr/vibeCoding/PNR_Tracker/start_app.sh: line 15: 18982 Killed: 9               python app.py >> "$LOG_DIR/app.log" 2>&1
/Users/jangr/vibeCoding/PNR_Tracker/start_app.sh: line 15: 19317 Killed: 9               python app.py >> "$LOG_DIR/app.log" 2>&1
/Users/jangr/vibeCoding/PNR_Tracker/start_app.sh: line 15: 27649 Killed: 9               python app.py >> "$LOG_DIR/app.log" 2>&1
